(program
  (let
    (nonrec)
    (datatypebind
      (datatype (tyvardecl Unit (type))  Unit_match (vardecl Unit Unit))
    )
    (lam ds (con string) [ [ { (builtin trace) Unit } ds ] Unit ])
  )
)